if-root@alifroot-lenovo-05:~/GolandProjects/awesomeProject1$ git init
hint: Using 'master' as the name for the initial branch. This default branch name
hint: is subject to change. To configure the initial branch name to use in all
hint: of your new repositories, which will suppress this warning, call:
hint:
hint:   git config --global init.defaultBranch <name>
hint:
hint: Names commonly chosen instead of 'master' are 'main', 'trunk' and
hint: 'development'. The just-created branch can be renamed via this command:
hint:
hint:   git branch -m <name>
Initialized empty Git repository in /home/alif-root/GolandProjects/awesomeProject1/.git/
alif-root@alifroot-lenovo-05:~/GolandProjects/awesomeProject1$ git add .
alif-root@alifroot-lenovo-05:~/GolandProjects/awesomeProject1$ git commit
[master (root-commit) ea751c8] first commit
 6 files changed, 108 insertions(+)
 create mode 100644 .idea/.gitignore
 create mode 100644 .idea/awesomeProject1.iml
 create mode 100644 .idea/modules.xml
 create mode 100644 go.mod
 create mode 100644 main.go
 create mode 100755 sms
alif-root@alifroot-lenovo-05:~/GolandProjects/awesomeProject1$ git push
fatal: No configured push destination.
Either specify the URL from the command-line or configure a remote repository using

    git remote add <name> <url>

and then push using the remote name

    git push <name>

alif-root@alifroot-lenovo-05:~/GolandProjects/awesomeProject1$ git remote add origin https://github.com/Matthew-Mak/SMSProgram.git
alif-root@alifroot-lenovo-05:~/GolandProjects/awesomeProject1$ git push .
Everything up-to-date
alif-root@alifroot-lenovo-05:~/GolandProjects/awesomeProject1$ git log --online
fatal: unrecognized argument: --online
alif-root@alifroot-lenovo-05:~/GolandProjects/awesomeProject1$ git log --oneline
ea751c8 (HEAD -> master) first commit
alif-root@alifroot-lenovo-05:~/GolandProjects/awesomeProject1$ git show
commit ea751c81709bc76182ccc3b9516d903cbc513e20 (HEAD -> master)
Author: Matthew-Mak <praymome46809@gmail.com>
Date:   Mon Feb 10 19:00:57 2025 +0500

    first commit

diff --git a/.idea/.gitignore b/.idea/.gitignore
new file mode 100644
index 0000000..13566b8
--- /dev/null
+++ b/.idea/.gitignore
@@ -0,0 +1,8 @@
+# Default ignored files
+/shelf/
+/workspace.xml
+# Editor-based HTTP Client requests
+/httpRequests/
+# Datasource local storage ignored files
+/dataSources/
+/dataSources.local.xml
diff --git a/.idea/awesomeProject1.iml b/.idea/awesomeProject1.iml
new file mode 100644
index 0000000..5e764c4
--- /dev/null
+++ b/.idea/awesomeProject1.iml
@@ -0,0 +1,9 @@
+<?xml version="1.0" encoding="UTF-8"?>
+<module type="WEB_MODULE" version="4">
+  <component name="Go" enabled="true" />
+  <component name="NewModuleRootManager">
+    <content url="file://$MODULE_DIR$" />
+    <orderEntry type="inheritedJdk" />
+    <orderEntry type="sourceFolder" forTests="false" />
+  </component>
+</module>
\ No newline at end of file
diff --git a/.idea/modules.xml b/.idea/modules.xml
new file mode 100644
index 0000000..20b68e6
--- /dev/null
+++ b/.idea/modules.xml
@@ -0,0 +1,8 @@
+<?xml version="1.0" encoding="UTF-8"?>
+<project version="4">
+  <component name="ProjectModuleManager">
+    <modules>
+      <module fileurl="file://$PROJECT_DIR$/.idea/awesomeProject1.iml" filepath="$PROJECT_DIR$/.idea/awesomeProject1.iml" />
+    </modules>
+  </component>
+</project>
\ No newline at end of file
diff --git a/go.mod b/go.mod
new file mode 100644
index 0000000..dfd8bf0
--- /dev/null
+++ b/go.mod
@@ -0,0 +1,3 @@
+module awesomeProject1
+
+go 1.23
diff --git a/main.go b/main.go
new file mode 100644
index 0000000..f534cb8
--- /dev/null
+++ b/main.go
@@ -0,0 +1,80 @@
+package main
+
+import (
+       "flag"
+       "fmt"
+       "os"
+)
+
+// Цель:
+// Напишите программу на языке Go, которая генерирует приветственное SMS-сообщение для нового пользователя.
+// Программа должна принимать имя пользователя и код доступа через аргументы командной строки и выводить сообщение в формате:
+//
+// Добро пожаловать, {имя пользователя}! Ваш код доступа: {код}.
+//
+// Требования:
+// Программа должна принимать следующие аргументы командной строки:
+//
+//     Имя пользователя (например, "Тимур Ахмедов").
+//     Код доступа (например, "92348").
+//
+// Если не указано достаточно аргументов, программа должна выводить ошибку:
+//
+// Формат вывода сообщения:
+// Добро пожаловать, {имя пользователя}! Ваш код доступа: {код}.
+//
+// Код должен быть написан с использованием стандартных библиотек Go:
+//
+//     flag для обработки аргументов командной строки.
+//     strings для работы с текстовыми данными
+//     fmt для форматирования текста.
+//
+// Программа должна корректно обрабатывать случаи, когда имя пользователя содержит пробелы (например, "Иван Иванов").
+
+func main() {
+       var username string
+       var password int
+
+       // ВАЖНО!!!
+       // у меня не вышло сделать так что бы при вводе просто аргументов они назначались переменным, пример ниже:
+       // ./sms_program "Тимур Ахмедов" 92348
+       // Ввод должен осуществляться на примере такого:
+       // ./main.exe -p=13123 -u="Иван Иванов"
+       // Однако смысл остался тот же
+
+       flag.StringVar(&username, "u", "", "Stores username to a variable")
+       flag.IntVar(&password, "p", -1, "Stores password to a variable")
+
+       flag.Parse()
+
+       if username == "" || password <= -1 {
+               fmt.Println("Username or Password must not be empty or negative")
+               return
+       }
+       if password > 99999 || password < 10000 {
+               fmt.Println("Password must have exactly 5 digits")
+               return
+       }
+       if len(username) < 3 {
+               fmt.Println("Username must be at least 3 characters long")
+               return
+       }
+
+       //Дополнительное задание:
+       //
+       //Реализуйте выбор языка вывода (например, ru или en):
+       //
+       //    ru: Добро пожаловать, Иван Иванов! Ваш код доступа: 92348.
+       //    en: Welcome, Ivan Ivanov! Your access code is: 92348.
+       //
+       //Добавьте проверку на минимальную длину имени (≥ 3 символов) и фиксированную длину кода доступа (5 цифр).
+       switch os.Args[1] {
+       case "ru":
+               fmt.Printf("Добро пожаловать, %v! Ваш код доступа: %v.", username, password)
+       case "en":
+               fmt.Printf("Welcome, %v! Your access code is: %v.", username, password)
+       default:
+               fmt.Println("expected ru or en command")
+               os.Exit(1)
+       }
+}
diff --git a/sms b/sms
new file mode 100755
index 0000000..d9f70fa
Binary files /dev/null and b/sms differ
(END)
+               fmt.Printf("Добро пожаловать, %v! Ваш код доступа: %v.", username, password)
+       case "en":
+               fmt.Printf("Welcome, %v! Your access code is: %v.", username, password)
+       default:
+               fmt.Println("expected ru or en command")
+               os.Exit(1)
+       }
+}
diff --git a/sms b/sms
new file mode 100755
index 0000000..d9f70fa
Binary files /dev/null and b/sms differ
(END)
+               fmt.Printf("Добро пожаловать, %v! Ваш код доступа: %v.", username, password)
+       case "en":
+               fmt.Printf("Welcome, %v! Your access code is: %v.", username, password)
+       default:
+               fmt.Println("expected ru or en command")
+               os.Exit(1)
+       }
+}
diff --git a/sms b/sms
new file mode 100755
index 0000000..d9f70fa
Binary files /dev/null and b/sms differ
(END)


ot@alifroot-lenovo-05:~/GolandProjects/awesomeProject1$ git push origin
fatal: The current branch master has no upstream branch.
To push the current branch and set the remote as upstream, use

    git push --set-upstream origin master

alif-root@alifroot-lenovo-05:~/GolandProjects/awesomeProject1$ git push .
Everything up-to-date
alif-root@alifroot-lenovo-05:~/GolandProjects/awesomeProject1$ git commit
Aborting commit due to empty commit message.
alif-root@alifroot-lenovo-05:~/GolandProjects/awesomeProject1$ git commit origin
error: pathspec 'origin' did not match any file(s) known to git
alif-root@alifroot-lenovo-05:~/GolandProjects/awesomeProject1$ git commit master
error: pathspec 'master' did not match any file(s) known to git
alif-root@alifroot-lenovo-05:~/GolandProjects/awesomeProject1$ git push origin
fatal: The current branch master has no upstream branch.
To push the current branch and set the remote as upstream, use

    git push --set-upstream origin master

alif-root@alifroot-lenovo-05:~/GolandProjects/awesomeProject1$     git push --set-upstream origin master

Username for 'https://github.com': Password for 'https://github.com':
remote: No anonymous write access.
fatal: Authentication failed for 'https://github.com/Matthew-Mak/SMSProgram.git/'
alif-root@alifroot-lenovo-05:~/GolandProjects/awesomeProject1$ git push --set-upstream origin master
Username for 'https://github.com': Matthew-Mak
Password for 'https://Matthew-Mak@github.com':
remote: Support for password authentication was removed on August 13, 2021.
remote: Please see https://docs.github.com/get-started/getting-started-with-git/about-remote-repositories#cloning-with-https-urls for information on currently recommended modes of authentication.
fatal: Authentication failed for 'https://github.com/Matthew-Mak/SMSProgram.git/'
alif-root@alifroot-lenovo-05:~/GolandProjects/awesomeProject1$ ;(
bash: syntax error near unexpected token `;'
alif-root@alifroot-lenovo-05:~/GolandProjects/awesomeProject1$ git checkout -b iter1
Switched to a new branch 'iter1'
alif-root@alifroot-lenovo-05:~/GolandProjects/awesomeProject1$
